// Jest Snapshot v1, https://goo.gl/fbAQLP

exports[`pruebas en componente <GifGridItem /> Debe hacer match con el snapshot 1`] = `
<div>
  <div
    class="card"
  >
    <img
      alt="saitama sensei"
      src="https://saitama.com/sensei"
    />
    <p>
      saitama sensei
    </p>
  </div>
</div>
`;
